<?xml version="1.0" encoding="utf-8" ?>
<results>
	<result idSite="1">
		<result date="From 2009-12-28 to 2010-01-03">
			<nb_conversions>3</nb_conversions>
			<nb_visits_converted>2</nb_visits_converted>
			<revenue>1000</revenue>
			<conversion_rate>66.67%</conversion_rate>
			<nb_conversions_new_visit>3</nb_conversions_new_visit>
			<nb_visits_converted_new_visit>2</nb_visits_converted_new_visit>
			<revenue_new_visit>1000</revenue_new_visit>
			<conversion_rate_new_visit>66.67%</conversion_rate_new_visit>
		</result>
		<result date="From 2010-01-04 to 2010-01-10" />
		<result date="From 2010-01-11 to 2010-01-17" />
		<result date="From 2010-01-18 to 2010-01-24" />
		<result date="From 2010-01-25 to 2010-01-31" />
		<result date="From 2010-02-01 to 2010-02-07" />
		<result date="From 2010-02-08 to 2010-02-14" />
	</result>
</results>