<?xml version="1.0" encoding="utf-8" ?>
<result>
	<row>
		<label>Name_VISIT_1</label>
		<nb_visits>1</nb_visits>
		<nb_actions>1</nb_actions>
		<nb_users>0</nb_users>
		<max_actions>1</max_actions>
		<sum_visit_length>4</sum_visit_length>
		<bounce_count>1</bounce_count>
		<nb_visits_converted>1</nb_visits_converted>
		<goals>
			<row idgoal='1'>
				<nb_conversions>1</nb_conversions>
				<nb_visits_converted>1</nb_visits_converted>
				<revenue>0</revenue>
			</row>
		</goals>
		<nb_conversions>1</nb_conversions>
		<revenue>0</revenue>
		<slots>
			<row>
				<scope>visit</scope>
				<index>1</index>
			</row>
		</slots>
		<segment>customVariableName==Name_VISIT_1</segment>
		<subtable>
			<row>
				<label>Val_VISIT1</label>
				<nb_visits>1</nb_visits>
				<nb_actions>1</nb_actions>
				<nb_users>0</nb_users>
				<max_actions>1</max_actions>
				<sum_visit_length>4</sum_visit_length>
				<bounce_count>1</bounce_count>
				<nb_visits_converted>1</nb_visits_converted>
				<goals>
					<row idgoal='1'>
						<nb_conversions>1</nb_conversions>
						<nb_visits_converted>1</nb_visits_converted>
						<revenue>0</revenue>
					</row>
				</goals>
				<nb_conversions>1</nb_conversions>
				<revenue>0</revenue>
			</row>
		</subtable>
	</row>
	<row>
		<label>Name_VISIT_2</label>
		<nb_visits>1</nb_visits>
		<nb_actions>1</nb_actions>
		<nb_users>0</nb_users>
		<max_actions>1</max_actions>
		<sum_visit_length>4</sum_visit_length>
		<bounce_count>1</bounce_count>
		<nb_visits_converted>1</nb_visits_converted>
		<goals>
			<row idgoal='1'>
				<nb_conversions>1</nb_conversions>
				<nb_visits_converted>1</nb_visits_converted>
				<revenue>0</revenue>
			</row>
		</goals>
		<nb_conversions>1</nb_conversions>
		<revenue>0</revenue>
		<slots>
			<row>
				<scope>visit</scope>
				<index>2</index>
			</row>
		</slots>
		<segment>customVariableName==Name_VISIT_2</segment>
		<subtable>
			<row>
				<label>Val_VISIT2</label>
				<nb_visits>1</nb_visits>
				<nb_actions>1</nb_actions>
				<nb_users>0</nb_users>
				<max_actions>1</max_actions>
				<sum_visit_length>4</sum_visit_length>
				<bounce_count>1</bounce_count>
				<nb_visits_converted>1</nb_visits_converted>
				<goals>
					<row idgoal='1'>
						<nb_conversions>1</nb_conversions>
						<nb_visits_converted>1</nb_visits_converted>
						<revenue>0</revenue>
					</row>
				</goals>
				<nb_conversions>1</nb_conversions>
				<revenue>0</revenue>
			</row>
		</subtable>
	</row>
	<row>
		<label>Name_VISIT_3</label>
		<nb_visits>1</nb_visits>
		<nb_actions>1</nb_actions>
		<nb_users>0</nb_users>
		<max_actions>1</max_actions>
		<sum_visit_length>4</sum_visit_length>
		<bounce_count>1</bounce_count>
		<nb_visits_converted>1</nb_visits_converted>
		<goals>
			<row idgoal='1'>
				<nb_conversions>1</nb_conversions>
				<nb_visits_converted>1</nb_visits_converted>
				<revenue>0</revenue>
			</row>
		</goals>
		<nb_conversions>1</nb_conversions>
		<revenue>0</revenue>
		<slots>
			<row>
				<scope>visit</scope>
				<index>3</index>
			</row>
		</slots>
		<segment>customVariableName==Name_VISIT_3</segment>
		<subtable>
			<row>
				<label>Val_VISIT3</label>
				<nb_visits>1</nb_visits>
				<nb_actions>1</nb_actions>
				<nb_users>0</nb_users>
				<max_actions>1</max_actions>
				<sum_visit_length>4</sum_visit_length>
				<bounce_count>1</bounce_count>
				<nb_visits_converted>1</nb_visits_converted>
				<goals>
					<row idgoal='1'>
						<nb_conversions>1</nb_conversions>
						<nb_visits_converted>1</nb_visits_converted>
						<revenue>0</revenue>
					</row>
				</goals>
				<nb_conversions>1</nb_conversions>
				<revenue>0</revenue>
			</row>
		</subtable>
	</row>
	<row>
		<label>Name_VISIT_4</label>
		<nb_visits>1</nb_visits>
		<nb_actions>1</nb_actions>
		<nb_users>0</nb_users>
		<max_actions>1</max_actions>
		<sum_visit_length>4</sum_visit_length>
		<bounce_count>1</bounce_count>
		<nb_visits_converted>1</nb_visits_converted>
		<goals>
			<row idgoal='1'>
				<nb_conversions>1</nb_conversions>
				<nb_visits_converted>1</nb_visits_converted>
				<revenue>0</revenue>
			</row>
		</goals>
		<nb_conversions>1</nb_conversions>
		<revenue>0</revenue>
		<slots>
			<row>
				<scope>visit</scope>
				<index>4</index>
			</row>
		</slots>
		<segment>customVariableName==Name_VISIT_4</segment>
		<subtable>
			<row>
				<label>Val_VISIT4</label>
				<nb_visits>1</nb_visits>
				<nb_actions>1</nb_actions>
				<nb_users>0</nb_users>
				<max_actions>1</max_actions>
				<sum_visit_length>4</sum_visit_length>
				<bounce_count>1</bounce_count>
				<nb_visits_converted>1</nb_visits_converted>
				<goals>
					<row idgoal='1'>
						<nb_conversions>1</nb_conversions>
						<nb_visits_converted>1</nb_visits_converted>
						<revenue>0</revenue>
					</row>
				</goals>
				<nb_conversions>1</nb_conversions>
				<revenue>0</revenue>
			</row>
		</subtable>
	</row>
	<row>
		<label>Name_VISIT_5</label>
		<nb_visits>1</nb_visits>
		<nb_actions>1</nb_actions>
		<nb_users>0</nb_users>
		<max_actions>1</max_actions>
		<sum_visit_length>4</sum_visit_length>
		<bounce_count>1</bounce_count>
		<nb_visits_converted>1</nb_visits_converted>
		<goals>
			<row idgoal='1'>
				<nb_conversions>1</nb_conversions>
				<nb_visits_converted>1</nb_visits_converted>
				<revenue>0</revenue>
			</row>
		</goals>
		<nb_conversions>1</nb_conversions>
		<revenue>0</revenue>
		<slots>
			<row>
				<scope>visit</scope>
				<index>5</index>
			</row>
		</slots>
		<segment>customVariableName==Name_VISIT_5</segment>
		<subtable>
			<row>
				<label>Val_VISIT5</label>
				<nb_visits>1</nb_visits>
				<nb_actions>1</nb_actions>
				<nb_users>0</nb_users>
				<max_actions>1</max_actions>
				<sum_visit_length>4</sum_visit_length>
				<bounce_count>1</bounce_count>
				<nb_visits_converted>1</nb_visits_converted>
				<goals>
					<row idgoal='1'>
						<nb_conversions>1</nb_conversions>
						<nb_visits_converted>1</nb_visits_converted>
						<revenue>0</revenue>
					</row>
				</goals>
				<nb_conversions>1</nb_conversions>
				<revenue>0</revenue>
			</row>
		</subtable>
	</row>
	<row>
		<label>Name_VISIT_6</label>
		<nb_visits>1</nb_visits>
		<nb_actions>1</nb_actions>
		<nb_users>0</nb_users>
		<max_actions>1</max_actions>
		<sum_visit_length>4</sum_visit_length>
		<bounce_count>1</bounce_count>
		<nb_visits_converted>1</nb_visits_converted>
		<goals>
			<row idgoal='1'>
				<nb_conversions>1</nb_conversions>
				<nb_visits_converted>1</nb_visits_converted>
				<revenue>0</revenue>
			</row>
		</goals>
		<nb_conversions>1</nb_conversions>
		<revenue>0</revenue>
		<slots>
			<row>
				<scope>visit</scope>
				<index>6</index>
			</row>
		</slots>
		<segment>customVariableName==Name_VISIT_6</segment>
		<subtable>
			<row>
				<label>Val_VISIT6</label>
				<nb_visits>1</nb_visits>
				<nb_actions>1</nb_actions>
				<nb_users>0</nb_users>
				<max_actions>1</max_actions>
				<sum_visit_length>4</sum_visit_length>
				<bounce_count>1</bounce_count>
				<nb_visits_converted>1</nb_visits_converted>
				<goals>
					<row idgoal='1'>
						<nb_conversions>1</nb_conversions>
						<nb_visits_converted>1</nb_visits_converted>
						<revenue>0</revenue>
					</row>
				</goals>
				<nb_conversions>1</nb_conversions>
				<revenue>0</revenue>
			</row>
		</subtable>
	</row>
	<row>
		<label>Name_VISIT_7</label>
		<nb_visits>1</nb_visits>
		<nb_actions>1</nb_actions>
		<nb_users>0</nb_users>
		<max_actions>1</max_actions>
		<sum_visit_length>4</sum_visit_length>
		<bounce_count>1</bounce_count>
		<nb_visits_converted>1</nb_visits_converted>
		<goals>
			<row idgoal='1'>
				<nb_conversions>1</nb_conversions>
				<nb_visits_converted>1</nb_visits_converted>
				<revenue>0</revenue>
			</row>
		</goals>
		<nb_conversions>1</nb_conversions>
		<revenue>0</revenue>
		<slots>
			<row>
				<scope>visit</scope>
				<index>7</index>
			</row>
		</slots>
		<segment>customVariableName==Name_VISIT_7</segment>
		<subtable>
			<row>
				<label>Val_VISIT7</label>
				<nb_visits>1</nb_visits>
				<nb_actions>1</nb_actions>
				<nb_users>0</nb_users>
				<max_actions>1</max_actions>
				<sum_visit_length>4</sum_visit_length>
				<bounce_count>1</bounce_count>
				<nb_visits_converted>1</nb_visits_converted>
				<goals>
					<row idgoal='1'>
						<nb_conversions>1</nb_conversions>
						<nb_visits_converted>1</nb_visits_converted>
						<revenue>0</revenue>
					</row>
				</goals>
				<nb_conversions>1</nb_conversions>
				<revenue>0</revenue>
			</row>
		</subtable>
	</row>
	<row>
		<label>Name_VISIT_8</label>
		<nb_visits>1</nb_visits>
		<nb_actions>1</nb_actions>
		<nb_users>0</nb_users>
		<max_actions>1</max_actions>
		<sum_visit_length>4</sum_visit_length>
		<bounce_count>1</bounce_count>
		<nb_visits_converted>1</nb_visits_converted>
		<goals>
			<row idgoal='1'>
				<nb_conversions>1</nb_conversions>
				<nb_visits_converted>1</nb_visits_converted>
				<revenue>0</revenue>
			</row>
		</goals>
		<nb_conversions>1</nb_conversions>
		<revenue>0</revenue>
		<slots>
			<row>
				<scope>visit</scope>
				<index>8</index>
			</row>
		</slots>
		<segment>customVariableName==Name_VISIT_8</segment>
		<subtable>
			<row>
				<label>Val_VISIT8</label>
				<nb_visits>1</nb_visits>
				<nb_actions>1</nb_actions>
				<nb_users>0</nb_users>
				<max_actions>1</max_actions>
				<sum_visit_length>4</sum_visit_length>
				<bounce_count>1</bounce_count>
				<nb_visits_converted>1</nb_visits_converted>
				<goals>
					<row idgoal='1'>
						<nb_conversions>1</nb_conversions>
						<nb_visits_converted>1</nb_visits_converted>
						<revenue>0</revenue>
					</row>
				</goals>
				<nb_conversions>1</nb_conversions>
				<revenue>0</revenue>
			</row>
		</subtable>
	</row>
	<row>
		<label>Name_PAGE_1</label>
		<nb_actions>1</nb_actions>
		<slots>
			<row>
				<scope>page</scope>
				<index>1</index>
			</row>
		</slots>
		<segment>customVariableName==Name_PAGE_1</segment>
		<subtable>
			<row>
				<label>Val_PAGE1</label>
				<nb_visits>1</nb_visits>
				<nb_actions>1</nb_actions>
			</row>
		</subtable>
	</row>
	<row>
		<label>Name_PAGE_2</label>
		<nb_actions>1</nb_actions>
		<slots>
			<row>
				<scope>page</scope>
				<index>2</index>
			</row>
		</slots>
		<segment>customVariableName==Name_PAGE_2</segment>
		<subtable>
			<row>
				<label>Val_PAGE2</label>
				<nb_visits>1</nb_visits>
				<nb_actions>1</nb_actions>
			</row>
		</subtable>
	</row>
	<row>
		<label>Name_PAGE_3</label>
		<nb_actions>1</nb_actions>
		<slots>
			<row>
				<scope>page</scope>
				<index>3</index>
			</row>
		</slots>
		<segment>customVariableName==Name_PAGE_3</segment>
		<subtable>
			<row>
				<label>Val_PAGE3</label>
				<nb_visits>1</nb_visits>
				<nb_actions>1</nb_actions>
			</row>
		</subtable>
	</row>
	<row>
		<label>Name_PAGE_4</label>
		<nb_actions>1</nb_actions>
		<slots>
			<row>
				<scope>page</scope>
				<index>4</index>
			</row>
		</slots>
		<segment>customVariableName==Name_PAGE_4</segment>
		<subtable>
			<row>
				<label>Val_PAGE4</label>
				<nb_visits>1</nb_visits>
				<nb_actions>1</nb_actions>
			</row>
		</subtable>
	</row>
	<row>
		<label>Name_PAGE_5</label>
		<nb_actions>1</nb_actions>
		<slots>
			<row>
				<scope>page</scope>
				<index>5</index>
			</row>
		</slots>
		<segment>customVariableName==Name_PAGE_5</segment>
		<subtable>
			<row>
				<label>Val_PAGE5</label>
				<nb_visits>1</nb_visits>
				<nb_actions>1</nb_actions>
			</row>
		</subtable>
	</row>
	<row>
		<label>Name_PAGE_6</label>
		<nb_actions>1</nb_actions>
		<slots>
			<row>
				<scope>page</scope>
				<index>6</index>
			</row>
		</slots>
		<segment>customVariableName==Name_PAGE_6</segment>
		<subtable>
			<row>
				<label>Val_PAGE6</label>
				<nb_visits>1</nb_visits>
				<nb_actions>1</nb_actions>
			</row>
		</subtable>
	</row>
	<row>
		<label>Name_PAGE_7</label>
		<nb_actions>1</nb_actions>
		<slots>
			<row>
				<scope>page</scope>
				<index>7</index>
			</row>
		</slots>
		<segment>customVariableName==Name_PAGE_7</segment>
		<subtable>
			<row>
				<label>Val_PAGE7</label>
				<nb_visits>1</nb_visits>
				<nb_actions>1</nb_actions>
			</row>
		</subtable>
	</row>
	<row>
		<label>Name_PAGE_8</label>
		<nb_actions>1</nb_actions>
		<slots>
			<row>
				<scope>page</scope>
				<index>8</index>
			</row>
		</slots>
		<segment>customVariableName==Name_PAGE_8</segment>
		<subtable>
			<row>
				<label>Val_PAGE8</label>
				<nb_visits>1</nb_visits>
				<nb_actions>1</nb_actions>
			</row>
		</subtable>
	</row>
</result>