<?xml version="1.0" encoding="utf-8" ?>
<result>
	<row>
		<idSite>1</idSite>
		<idVisit>1</idVisit>
		<visitIp>156.5.3.2</visitIp>
		
		<fingerprint>e16cf2bbaeea2c88</fingerprint>
		<actionDetails>
			<row>
				<type>goal</type>
				<goalName>triggered js</goalName>
				<goalId>1</goalId>
				
				<revenue>0</revenue>
				<goalPageId />
				
				<url>http://localhost</url>
				<icon>plugins/Morpheus/images/goal.png</icon>
				<iconSVG>plugins/Morpheus/images/goal.svg</iconSVG>
				<title>Goal conversion</title>
				<subtitle>triggered js</subtitle>
				
			</row>
			<row>
				<type>action</type>
				<url>http://localhost</url>
				<pageTitle>Profile page</pageTitle>
				<pageIdAction>2</pageIdAction>
				
				
				<pageId>1</pageId>
				<bandwidth />
				<pageviewPosition>1</pageviewPosition>
				<title>Profile page</title>
				<subtitle>http://localhost</subtitle>
				<icon />
				<iconSVG>plugins/Morpheus/images/action.svg</iconSVG>
				
				<bandwidth_pretty>0 M</bandwidth_pretty>
				<customVariables>
					<row>
						<customVariablePageName1>Name_PAGE_1</customVariablePageName1>
						<customVariablePageValue1>Val_PAGE1</customVariablePageValue1>
					</row>
					<row>
						<customVariablePageName2>Name_PAGE_2</customVariablePageName2>
						<customVariablePageValue2>Val_PAGE2</customVariablePageValue2>
					</row>
					<row>
						<customVariablePageName3>Name_PAGE_3</customVariablePageName3>
						<customVariablePageValue3>Val_PAGE3</customVariablePageValue3>
					</row>
					<row>
						<customVariablePageName4>Name_PAGE_4</customVariablePageName4>
						<customVariablePageValue4>Val_PAGE4</customVariablePageValue4>
					</row>
					<row>
						<customVariablePageName5>Name_PAGE_5</customVariablePageName5>
						<customVariablePageValue5>Val_PAGE5</customVariablePageValue5>
					</row>
					<row>
						<customVariablePageName6>Name_PAGE_6</customVariablePageName6>
						<customVariablePageValue6>Val_PAGE6</customVariablePageValue6>
					</row>
					<row>
						<customVariablePageName7>Name_PAGE_7</customVariablePageName7>
						<customVariablePageValue7>Val_PAGE7</customVariablePageValue7>
					</row>
					<row>
						<customVariablePageName8>Name_PAGE_8</customVariablePageName8>
						<customVariablePageValue8>Val_PAGE8</customVariablePageValue8>
					</row>
				</customVariables>
			</row>
		</actionDetails>
		<goalConversions>1</goalConversions>
		<siteCurrency>USD</siteCurrency>
		<siteCurrencySymbol>$</siteCurrencySymbol>
		
		
		
		
		<siteName>Piwik test</siteName>
		
		
		
		
		
		
		<userId />
		<visitorType>new</visitorType>
		<visitorTypeIcon />
		<visitConverted>1</visitConverted>
		<visitConvertedIcon>plugins/Morpheus/images/goal.svg</visitConvertedIcon>
		<visitCount>1</visitCount>
		<visitEcommerceStatus>none</visitEcommerceStatus>
		<visitEcommerceStatusIcon />
		<daysSinceFirstVisit>0</daysSinceFirstVisit>
		<daysSinceLastEcommerceOrder>0</daysSinceLastEcommerceOrder>
		<visitDuration>4</visitDuration>
		<visitDurationPretty>4s</visitDurationPretty>
		<searches>0</searches>
		<actions>1</actions>
		<interactions>1</interactions>
		<referrerType>search</referrerType>
		<referrerTypeName>Search Engines</referrerTypeName>
		<referrerName>Google</referrerName>
		<referrerKeyword>this keyword should be ranked</referrerKeyword>
		<referrerKeywordPosition>1</referrerKeywordPosition>
		<referrerUrl>http://www.google.com/url?source=web&amp;cd=1&amp;url=http://piwik.org/&amp;rct=j&amp;q=this keyword should be ranked&amp;sig2=BvKAdCtNixsmfNWXjsNyMw</referrerUrl>
		<referrerSearchEngineUrl>http://google.com</referrerSearchEngineUrl>
		<referrerSearchEngineIcon>plugins/Morpheus/icons/dist/searchEngines/google.com.png</referrerSearchEngineIcon>
		<referrerSocialNetworkUrl />
		<referrerSocialNetworkIcon />
		<languageCode>fr</languageCode>
		<language>French</language>
		<deviceType>Desktop</deviceType>
		<deviceTypeIcon>plugins/Morpheus/icons/dist/devices/desktop.png</deviceTypeIcon>
		<deviceBrand>Unknown</deviceBrand>
		<deviceModel>Generic Desktop</deviceModel>
		<operatingSystem>Windows XP</operatingSystem>
		<operatingSystemName>Windows</operatingSystemName>
		<operatingSystemIcon>plugins/Morpheus/icons/dist/os/WIN.png</operatingSystemIcon>
		<operatingSystemCode>WIN</operatingSystemCode>
		<operatingSystemVersion>XP</operatingSystemVersion>
		<browserFamily>Gecko</browserFamily>
		<browserFamilyDescription>Gecko (Firefox)</browserFamilyDescription>
		<browser>Firefox 3.6</browser>
		<browserName>Firefox</browserName>
		<browserIcon>plugins/Morpheus/icons/dist/browsers/FF.png</browserIcon>
		<browserCode>FF</browserCode>
		<browserVersion>3.6</browserVersion>
		<totalEcommerceRevenue>0</totalEcommerceRevenue>
		<totalEcommerceConversions>0</totalEcommerceConversions>
		<totalEcommerceItems>0</totalEcommerceItems>
		<totalAbandonedCartsRevenue>0</totalAbandonedCartsRevenue>
		<totalAbandonedCarts>0</totalAbandonedCarts>
		<totalAbandonedCartsItems>0</totalAbandonedCartsItems>
		<events>0</events>
		<continent>Europe</continent>
		<continentCode>eur</continentCode>
		<country>France</country>
		<countryCode>fr</countryCode>
		<countryFlag>plugins/Morpheus/icons/dist/flags/fr.png</countryFlag>
		<region />
		<regionCode />
		<city />
		<location>France</location>
		<latitude />
		<longitude />
		<visitLocalTime>12:34:06</visitLocalTime>
		<visitLocalHour>12</visitLocalHour>
		<daysSinceLastVisit>0</daysSinceLastVisit>
		<resolution>1024x768</resolution>
		<plugins>cookie, flash, java</plugins>
		<pluginsIcons>
			<row>
				<pluginIcon>plugins/Morpheus/icons/dist/plugins/cookie.png</pluginIcon>
				<pluginName>cookie</pluginName>
			</row>
			<row>
				<pluginIcon>plugins/Morpheus/icons/dist/plugins/flash.png</pluginIcon>
				<pluginName>flash</pluginName>
			</row>
			<row>
				<pluginIcon>plugins/Morpheus/icons/dist/plugins/java.png</pluginIcon>
				<pluginName>java</pluginName>
			</row>
		</pluginsIcons>
		<customVariables>
			<row>
				<customVariableName1>Name_VISIT_1</customVariableName1>
				<customVariableValue1>Val_VISIT1</customVariableValue1>
			</row>
			<row>
				<customVariableName2>Name_VISIT_2</customVariableName2>
				<customVariableValue2>Val_VISIT2</customVariableValue2>
			</row>
			<row>
				<customVariableName3>Name_VISIT_3</customVariableName3>
				<customVariableValue3>Val_VISIT3</customVariableValue3>
			</row>
			<row>
				<customVariableName4>Name_VISIT_4</customVariableName4>
				<customVariableValue4>Val_VISIT4</customVariableValue4>
			</row>
			<row>
				<customVariableName5>Name_VISIT_5</customVariableName5>
				<customVariableValue5>Val_VISIT5</customVariableValue5>
			</row>
			<row>
				<customVariableName6>Name_VISIT_6</customVariableName6>
				<customVariableValue6>Val_VISIT6</customVariableValue6>
			</row>
			<row>
				<customVariableName7>Name_VISIT_7</customVariableName7>
				<customVariableValue7>Val_VISIT7</customVariableValue7>
			</row>
			<row>
				<customVariableName8>Name_VISIT_8</customVariableName8>
				<customVariableValue8>Val_VISIT8</customVariableValue8>
			</row>
		</customVariables>
	</row>
</result>