<?xml version="1.0" encoding="utf-8" ?>
<result>
	<row>Cvar2 PAGE value is 0</row>
	<row>Cvar2 PAGE value is 1</row>
	<row>Cvar2 PAGE value is 2</row>
	<row>Cvar2 PAGE value is 3</row>
	<row>Cvar2 PAGE value is 4</row>
	<row>Cvar2 PAGE value is 5</row>
	<row>Cvar2 PAGE value is 6</row>
	<row>Cvar2 PAGE value is 7</row>
	<row>Cvar2 PAGE value is 8</row>
</result>