<?xml version="1.0" encoding="utf-8" ?>
<result>
	<nb_visits>0</nb_visits>
	<nb_actions>0</nb_actions>
	<nb_visits_converted>0</nb_visits_converted>
	<bounce_count>0</bounce_count>
	<sum_visit_length>0</sum_visit_length>
	<max_actions>0</max_actions>
	<bounce_rate>0%</bounce_rate>
	<nb_actions_per_visit>0</nb_actions_per_visit>
	<avg_time_on_site>0</avg_time_on_site>
</result>