<?xml version="1.0" encoding="utf-8" ?>
<results>
	<result idSite="1">
		<result date="2010-01-03">
			<nb_uniq_visitors>2</nb_uniq_visitors>
			<nb_users>0</nb_users>
			<nb_visits>3</nb_visits>
			<nb_actions>5</nb_actions>
			<nb_visits_converted>2</nb_visits_converted>
			<bounce_count>2</bounce_count>
			<sum_visit_length>725</sum_visit_length>
			<max_actions>3</max_actions>
			<bounce_rate>67%</bounce_rate>
			<nb_actions_per_visit>1.7</nb_actions_per_visit>
			<avg_time_on_site>242</avg_time_on_site>
		</result>
		<result date="2010-01-04" />
		<result date="2010-01-05" />
		<result date="2010-01-06" />
		<result date="2010-01-07" />
		<result date="2010-01-08" />
		<result date="2010-01-09" />
	</result>
</results>