<?xml version="1.0" encoding="utf-8" ?>
<result>
	<nb_uniq_visitors>2</nb_uniq_visitors>
	<nb_users>0</nb_users>
	<nb_visits>2</nb_visits>
	<nb_actions>4</nb_actions>
	<nb_visits_converted>2</nb_visits_converted>
	<bounce_count>1</bounce_count>
	<sum_visit_length>725</sum_visit_length>
	<max_actions>3</max_actions>
	<bounce_rate>50%</bounce_rate>
	<nb_actions_per_visit>2</nb_actions_per_visit>
	<avg_time_on_site>363</avg_time_on_site>
</result>