<?xml version="1.0" encoding="utf-8" ?>
<result>
	<row>Cvar 1 name</row>
</result>