<?xml version="1.0" encoding="utf-8" ?>
<result>
	<row>Cvar1 value is 0</row>
	<row>Cvar1 value is 1</row>
	<row>Cvar5 value is 0</row>
	<row>Cvar5 value is 1</row>
	<row>Cvar1 value is 2</row>
	<row>Cvar1 value is 3</row>
	<row>Cvar5 value is 2</row>
	<row>Cvar5 value is 3</row>
	<row>Cvar1 value is 4</row>
	<row>Cvar1 value is 5</row>
	<row>Cvar1 value is 6</row>
	<row>Cvar1 value is 7</row>
	<row>Cvar1 value is 8</row>
	<row>Cvar5 value is 4</row>
	<row>Cvar5 value is 5</row>
	<row>Cvar5 value is 6</row>
	<row>Cvar5 value is 7</row>
	<row>Cvar5 value is 8</row>
</result>