<?xml version="1.0" encoding="utf-8" ?>
<results>
	<result idSite="1">
		<result date="2009-12-28,2010-01-03">
			<row>
				<label>VisitorType</label>
				<nb_visits>3</nb_visits>
				<nb_actions>6</nb_actions>
				<max_actions>4</max_actions>
				<sum_visit_length>722</sum_visit_length>
				<bounce_count>2</bounce_count>
				<nb_visits_converted>2</nb_visits_converted>
				<goals>
					<row idgoal='1'>
						<nb_conversions>2</nb_conversions>
						<nb_visits_converted>2</nb_visits_converted>
						<revenue>1000</revenue>
					</row>
					<row idgoal='2'>
						<nb_conversions>1</nb_conversions>
						<nb_visits_converted>1</nb_visits_converted>
						<revenue>0</revenue>
					</row>
				</goals>
				<nb_conversions>3</nb_conversions>
				<revenue>1000</revenue>
				<sum_daily_nb_uniq_visitors>2</sum_daily_nb_uniq_visitors>
				<sum_daily_nb_users>0</sum_daily_nb_users>
				<slots>
					<row>
						<scope>visit</scope>
						<index>1</index>
					</row>
				</slots>
				<segment>customVariableName==VisitorType</segment>
				<subtable>
					<row>
						<label>LoggedIn</label>
						<nb_visits>1</nb_visits>
						<nb_actions>4</nb_actions>
						<max_actions>4</max_actions>
						<sum_visit_length>361</sum_visit_length>
						<bounce_count>0</bounce_count>
						<nb_visits_converted>1</nb_visits_converted>
						<goals>
							<row idgoal='1'>
								<nb_conversions>1</nb_conversions>
								<nb_visits_converted>1</nb_visits_converted>
								<revenue>0</revenue>
							</row>
						</goals>
						<nb_conversions>1</nb_conversions>
						<revenue>0</revenue>
						<sum_daily_nb_uniq_visitors>1</sum_daily_nb_uniq_visitors>
						<sum_daily_nb_users>0</sum_daily_nb_users>
					</row>
					<row>
						<label>LoggedOut</label>
						<nb_visits>2</nb_visits>
						<nb_actions>2</nb_actions>
						<max_actions>1</max_actions>
						<sum_visit_length>361</sum_visit_length>
						<bounce_count>2</bounce_count>
						<nb_visits_converted>1</nb_visits_converted>
						<goals>
							<row idgoal='1'>
								<nb_conversions>1</nb_conversions>
								<nb_visits_converted>1</nb_visits_converted>
								<revenue>1000</revenue>
							</row>
							<row idgoal='2'>
								<nb_conversions>1</nb_conversions>
								<nb_visits_converted>1</nb_visits_converted>
								<revenue>0</revenue>
							</row>
						</goals>
						<nb_conversions>2</nb_conversions>
						<revenue>1000</revenue>
						<sum_daily_nb_uniq_visitors>1</sum_daily_nb_uniq_visitors>
						<sum_daily_nb_users>0</sum_daily_nb_users>
					</row>
				</subtable>
			</row>
			<row>
				<label>SET WITH EMPTY VALUE</label>
				<nb_visits>1</nb_visits>
				<nb_actions>4</nb_actions>
				<max_actions>4</max_actions>
				<sum_visit_length>361</sum_visit_length>
				<bounce_count>0</bounce_count>
				<nb_visits_converted>1</nb_visits_converted>
				<goals>
					<row idgoal='1'>
						<nb_conversions>1</nb_conversions>
						<nb_visits_converted>1</nb_visits_converted>
						<revenue>0</revenue>
					</row>
				</goals>
				<nb_conversions>1</nb_conversions>
				<revenue>0</revenue>
				<sum_daily_nb_uniq_visitors>1</sum_daily_nb_uniq_visitors>
				<sum_daily_nb_users>0</sum_daily_nb_users>
				<slots>
					<row>
						<scope>visit</scope>
						<index>2</index>
					</row>
				</slots>
				<segment>customVariableName==SET+WITH+EMPTY+VALUE</segment>
				<subtable>
					<row>
						<label>Value not defined</label>
						<nb_visits>1</nb_visits>
						<nb_actions>4</nb_actions>
						<max_actions>4</max_actions>
						<sum_visit_length>361</sum_visit_length>
						<bounce_count>0</bounce_count>
						<nb_visits_converted>1</nb_visits_converted>
						<goals>
							<row idgoal='1'>
								<nb_conversions>1</nb_conversions>
								<nb_visits_converted>1</nb_visits_converted>
								<revenue>0</revenue>
							</row>
						</goals>
						<nb_conversions>1</nb_conversions>
						<revenue>0</revenue>
						<sum_daily_nb_uniq_visitors>1</sum_daily_nb_uniq_visitors>
						<sum_daily_nb_users>0</sum_daily_nb_users>
					</row>
				</subtable>
			</row>
			<row>
				<label>Value will be VERY long and truncated</label>
				<nb_visits>1</nb_visits>
				<nb_actions>4</nb_actions>
				<max_actions>4</max_actions>
				<sum_visit_length>361</sum_visit_length>
				<bounce_count>0</bounce_count>
				<nb_visits_converted>1</nb_visits_converted>
				<goals>
					<row idgoal='1'>
						<nb_conversions>1</nb_conversions>
						<nb_visits_converted>1</nb_visits_converted>
						<revenue>0</revenue>
					</row>
				</goals>
				<nb_conversions>1</nb_conversions>
				<revenue>0</revenue>
				<sum_daily_nb_uniq_visitors>1</sum_daily_nb_uniq_visitors>
				<sum_daily_nb_users>0</sum_daily_nb_users>
				<slots>
					<row>
						<scope>visit</scope>
						<index>3</index>
					</row>
				</slots>
				<segment>customVariableName==Value+will+be+VERY+long+and+truncated</segment>
				<subtable>
					<row>
						<label>abcdefghijklmnopqrstuvwxyz----abcdefghijklmnopqrstuvwxyz----abcdefghijklmnopqrstuvwxyz----abcdefghijklmnopqrstuvwxyz----abcdefghijklmnopqrstuvwxyz----abcdefghijklmnopqrstuvwxyz----abcdefghijklmnopqrst</label>
						<nb_visits>1</nb_visits>
						<nb_actions>4</nb_actions>
						<max_actions>4</max_actions>
						<sum_visit_length>361</sum_visit_length>
						<bounce_count>0</bounce_count>
						<nb_visits_converted>1</nb_visits_converted>
						<goals>
							<row idgoal='1'>
								<nb_conversions>1</nb_conversions>
								<nb_visits_converted>1</nb_visits_converted>
								<revenue>0</revenue>
							</row>
						</goals>
						<nb_conversions>1</nb_conversions>
						<revenue>0</revenue>
						<sum_daily_nb_uniq_visitors>1</sum_daily_nb_uniq_visitors>
						<sum_daily_nb_users>0</sum_daily_nb_users>
					</row>
				</subtable>
			</row>
			<row>
				<label>Status user</label>
				<nb_actions>3</nb_actions>
				<slots>
					<row>
						<scope>page</scope>
						<index>4</index>
					</row>
					<row>
						<scope>page</scope>
						<index>5</index>
					</row>
				</slots>
				<segment>customVariableName==Status+user</segment>
				<subtable>
					<row>
						<label>looking at &quot;profile page&quot;</label>
						<nb_visits>2</nb_visits>
						<nb_actions>2</nb_actions>
						<sum_daily_nb_uniq_visitors>2</sum_daily_nb_uniq_visitors>
					</row>
					<row>
						<label>Loggedin</label>
						<nb_visits>1</nb_visits>
						<nb_actions>1</nb_actions>
						<sum_daily_nb_uniq_visitors>1</sum_daily_nb_uniq_visitors>
					</row>
				</subtable>
			</row>
			<row>
				<label>Othercustom value which should be truncated abcdefghijklmnopqrstuvwxyz</label>
				<nb_visits>2</nb_visits>
				<nb_actions>2</nb_actions>
				<max_actions>1</max_actions>
				<sum_visit_length>361</sum_visit_length>
				<bounce_count>2</bounce_count>
				<nb_visits_converted>1</nb_visits_converted>
				<goals>
					<row idgoal='1'>
						<nb_conversions>1</nb_conversions>
						<nb_visits_converted>1</nb_visits_converted>
						<revenue>1000</revenue>
					</row>
				</goals>
				<nb_conversions>1</nb_conversions>
				<revenue>1000</revenue>
				<sum_daily_nb_uniq_visitors>1</sum_daily_nb_uniq_visitors>
				<sum_daily_nb_users>0</sum_daily_nb_users>
				<slots>
					<row>
						<scope>visit</scope>
						<index>2</index>
					</row>
				</slots>
				<segment>customVariableName==Othercustom+value+which+should+be+truncated+abcdefghijklmnopqrstuvwxyz</segment>
				<subtable>
					<row>
						<label>abcdefghijklmnopqrstuvwxyzabcdefghijklmnopqrstuvwxyzabcdefghijklmnopqrstuvwxyzabcdefghijklmnopqrstuvwxyz</label>
						<nb_visits>2</nb_visits>
						<nb_actions>2</nb_actions>
						<max_actions>1</max_actions>
						<sum_visit_length>361</sum_visit_length>
						<bounce_count>2</bounce_count>
						<nb_visits_converted>1</nb_visits_converted>
						<goals>
							<row idgoal='1'>
								<nb_conversions>1</nb_conversions>
								<nb_visits_converted>1</nb_visits_converted>
								<revenue>1000</revenue>
							</row>
						</goals>
						<nb_conversions>1</nb_conversions>
						<revenue>1000</revenue>
						<sum_daily_nb_uniq_visitors>1</sum_daily_nb_uniq_visitors>
						<sum_daily_nb_users>0</sum_daily_nb_users>
					</row>
				</subtable>
			</row>
			<row>
				<label>Language</label>
				<nb_actions>1</nb_actions>
				<slots>
					<row>
						<scope>page</scope>
						<index>1</index>
					</row>
				</slots>
				<segment>customVariableName==Language</segment>
				<subtable>
					<row>
						<label>FR</label>
						<nb_visits>1</nb_visits>
						<nb_actions>1</nb_actions>
						<sum_daily_nb_uniq_visitors>1</sum_daily_nb_uniq_visitors>
					</row>
				</subtable>
			</row>
			<row>
				<label>SET WITH EMPTY VALUE PAGE SCOPE</label>
				<nb_actions>1</nb_actions>
				<slots>
					<row>
						<scope>page</scope>
						<index>2</index>
					</row>
				</slots>
				<segment>customVariableName==SET+WITH+EMPTY+VALUE+PAGE+SCOPE</segment>
				<subtable>
					<row>
						<label>Value not defined</label>
						<nb_visits>1</nb_visits>
						<nb_actions>1</nb_actions>
						<sum_daily_nb_uniq_visitors>1</sum_daily_nb_uniq_visitors>
					</row>
				</subtable>
			</row>
			<row>
				<label>var1</label>
				<nb_actions>1</nb_actions>
				<slots>
					<row>
						<scope>page</scope>
						<index>2</index>
					</row>
				</slots>
				<segment>customVariableName==var1</segment>
				<subtable>
					<row>
						<label>looking at &quot;profile page&quot;</label>
						<nb_visits>1</nb_visits>
						<nb_actions>1</nb_actions>
						<sum_daily_nb_uniq_visitors>1</sum_daily_nb_uniq_visitors>
					</row>
				</subtable>
			</row>
			<row>
				<label>var2</label>
				<nb_actions>1</nb_actions>
				<slots>
					<row>
						<scope>page</scope>
						<index>3</index>
					</row>
				</slots>
				<segment>customVariableName==var2</segment>
				<subtable>
					<row>
						<label>'looking at &quot;\profile page&quot;'</label>
						<nb_visits>1</nb_visits>
						<nb_actions>1</nb_actions>
						<sum_daily_nb_uniq_visitors>1</sum_daily_nb_uniq_visitors>
					</row>
				</subtable>
			</row>
			<row>
				<label>var3</label>
				<nb_actions>1</nb_actions>
				<slots>
					<row>
						<scope>page</scope>
						<index>4</index>
					</row>
				</slots>
				<segment>customVariableName==var3</segment>
				<subtable>
					<row>
						<label>\looking at &quot;\profile page&quot;\</label>
						<nb_visits>1</nb_visits>
						<nb_actions>1</nb_actions>
						<sum_daily_nb_uniq_visitors>1</sum_daily_nb_uniq_visitors>
					</row>
				</subtable>
			</row>
		</result>
		<result date="2010-01-04,2010-01-10" />
		<result date="2010-01-11,2010-01-17" />
		<result date="2010-01-18,2010-01-24" />
		<result date="2010-01-25,2010-01-31" />
		<result date="2010-02-01,2010-02-07" />
		<result date="2010-02-08,2010-02-14" />
	</result>
</results>