<?xml version="1.0" encoding="utf-8" ?>
<result>
	<row>Cvar 2 PAGE name</row>
	<row>Cvar 5 PAGE name</row>
</result>