<?xml version="1.0" encoding="utf-8" ?>
<result>
	<nb_visits>7</nb_visits>
	<nb_actions>19</nb_actions>
	<nb_visits_converted>7</nb_visits_converted>
	<bounce_count>4</bounce_count>
	<sum_visit_length>4869</sum_visit_length>
	<max_actions>5</max_actions>
	<bounce_rate>57%</bounce_rate>
	<nb_actions_per_visit>2.7</nb_actions_per_visit>
	<avg_time_on_site>696</avg_time_on_site>
</result>