<?xml version="1.0" encoding="utf-8" ?>
<results>
	<result idSite="1">
		<result date="2009-12-28,2010-01-03" />
		<result date="2010-01-04,2010-01-10" />
		<result date="2010-01-11,2010-01-17" />
		<result date="2010-01-18,2010-01-24" />
		<result date="2010-01-25,2010-01-31" />
		<result date="2010-02-01,2010-02-07" />
		<result date="2010-02-08,2010-02-14" />
	</result>
</results>