<?xml version="1.0" encoding="utf-8" ?>
<result>
	<website>Piwik test</website>
	<prettyDate>Sunday, January 3, 2010</prettyDate>
	<metadata>
		<category>Visitors</category>
		<name>Custom Variables</name>
		<module>CustomVariables</module>
		<action>getCustomVariablesValuesFromNameId</action>
		<dimension>Custom Variable value</dimension>
		<documentation>This report contains information about your Custom Variables. Click on a variable name to see the distribution of the values. &lt;br /&gt; For more information about Custom Variables in general, read the &lt;a href=&quot;https://matomo.org/docs/custom-variables/&quot; rel=&quot;noreferrer noopener&quot; target=&quot;_blank&quot;&gt;Custom Variables documentation on matomo.org&lt;/a&gt;</documentation>
		<onlineGuideUrl>https://matomo.org/docs/custom-variables/</onlineGuideUrl>
		<isSubtableReport>1</isSubtableReport>
		<metrics>
			<nb_visits>Visits</nb_visits>
			<nb_uniq_visitors>Unique visitors</nb_uniq_visitors>
			<nb_actions>Actions</nb_actions>
			<nb_users>Users</nb_users>
		</metrics>
		<metricsDocumentation>
			<nb_visits>If a visitor comes to your website for the first time or if they visit a page more than 30 minutes after their last page view, this will be recorded as a new visit.</nb_visits>
			<nb_uniq_visitors>The number of unduplicated visitors coming to your website. Every user is only counted once, even if they visit the website multiple times a day.</nb_uniq_visitors>
			<nb_actions>The number of actions performed by your visitors. Actions can be page views, internal site searches, downloads or outlinks.</nb_actions>
			<nb_users>The number of users logged in your website. It is the number of unique active users that have a User ID set (via the Tracking code function 'setUserId').</nb_users>
			<nb_actions_per_visit>The average number of actions (page views, site searches, downloads or outlinks) that were performed during the visits.</nb_actions_per_visit>
			<avg_time_on_site>The average duration of a visit.</avg_time_on_site>
			<bounce_rate>The percentage of visits that only had a single pageview. This means, that the visitor left the website directly from the entrance page.</bounce_rate>
			<conversion_rate>The percentage of visits that triggered a goal conversion.</conversion_rate>
		</metricsDocumentation>
		<processedMetrics>
			<nb_actions_per_visit>Actions per Visit</nb_actions_per_visit>
			<avg_time_on_site>Avg. Time on Website</avg_time_on_site>
			<bounce_rate>Bounce Rate</bounce_rate>
			<conversion_rate>Conversion Rate</conversion_rate>
		</processedMetrics>
		<imageGraphUrl>index.php?module=API&amp;method=ImageGraph.get&amp;idSite=1&amp;apiModule=CustomVariables&amp;apiAction=getCustomVariablesValuesFromNameId&amp;period=day&amp;date=2010-01-03&amp;idSubtable=1</imageGraphUrl>
		<imageGraphEvolutionUrl>index.php?module=API&amp;method=ImageGraph.get&amp;idSite=1&amp;apiModule=CustomVariables&amp;apiAction=getCustomVariablesValuesFromNameId&amp;period=day&amp;date=2009-12-05,2010-01-03&amp;idSubtable=1</imageGraphEvolutionUrl>
		<uniqueId>CustomVariables_getCustomVariablesValuesFromNameId</uniqueId>
	</metadata>
	<columns>
		<label>Custom Variable value</label>
		<nb_visits>Visits</nb_visits>
		<nb_uniq_visitors>Unique visitors</nb_uniq_visitors>
		<nb_actions>Actions</nb_actions>
		<nb_users>Users</nb_users>
		<nb_actions_per_visit>Actions per Visit</nb_actions_per_visit>
		<avg_time_on_site>Avg. Time on Website</avg_time_on_site>
		<bounce_rate>Bounce Rate</bounce_rate>
		<conversion_rate>Conversion Rate</conversion_rate>
	</columns>
	<reportData>
		<row>
			<label>LoggedIn</label>
			<nb_visits>1</nb_visits>
			<nb_actions>4</nb_actions>
			<nb_users>0</nb_users>
			<conversion_rate>100%</conversion_rate>
			<nb_actions_per_visit>4</nb_actions_per_visit>
			<avg_time_on_site>00:06:01</avg_time_on_site>
			<bounce_rate>0%</bounce_rate>
			<nb_uniq_visitors>0</nb_uniq_visitors>
		</row>
		<row>
			<label>LoggedOut</label>
			<nb_visits>2</nb_visits>
			<nb_actions>2</nb_actions>
			<nb_users>0</nb_users>
			<conversion_rate>50%</conversion_rate>
			<nb_actions_per_visit>1</nb_actions_per_visit>
			<avg_time_on_site>00:03:01</avg_time_on_site>
			<bounce_rate>100%</bounce_rate>
			<nb_uniq_visitors>0</nb_uniq_visitors>
		</row>
	</reportData>
	<reportMetadata />
	<reportTotal>
		<nb_visits>7</nb_visits>
		<nb_actions>24</nb_actions>
		<nb_users>0</nb_users>
		<max_actions>13</max_actions>
		<sum_visit_length>1805</sum_visit_length>
		<bounce_count>4</bounce_count>
		<nb_visits_converted>5</nb_visits_converted>
		<goals>
			<row idgoal="1">
				<nb_conversions>5</nb_conversions>
				<nb_visits_converted>5</nb_visits_converted>
				<revenue>2000</revenue>
			</row>
			<row idgoal="2">
				<nb_conversions>1</nb_conversions>
				<nb_visits_converted>1</nb_visits_converted>
				<revenue>0</revenue>
			</row>
		</goals>
		<nb_conversions>6</nb_conversions>
		<revenue>2000</revenue>
		<nb_actions_per_visit>11</nb_actions_per_visit>
	</reportTotal>
</result>