<?xml version="1.0" encoding="utf-8" ?>
<result>
	<nb_visits>17</nb_visits>
	<nb_actions>17</nb_actions>
	<nb_visits_converted>17</nb_visits_converted>
	<bounce_count>17</bounce_count>
	<sum_visit_length>8</sum_visit_length>
	<max_actions>1</max_actions>
	<bounce_rate>100%</bounce_rate>
	<nb_actions_per_visit>1</nb_actions_per_visit>
	<avg_time_on_site>0</avg_time_on_site>
</result>