<?xml version="1.0" encoding="utf-8" ?>
<result>
	<nb_uniq_visitors>1</nb_uniq_visitors>
	<nb_users>0</nb_users>
	<nb_visits>1</nb_visits>
	<nb_actions>4</nb_actions>
	<nb_visits_converted>1</nb_visits_converted>
	<bounce_count>0</bounce_count>
	<sum_visit_length>361</sum_visit_length>
	<max_actions>4</max_actions>
	<bounce_rate>0%</bounce_rate>
	<nb_actions_per_visit>4</nb_actions_per_visit>
	<avg_time_on_site>361</avg_time_on_site>
</result>