<?xml version="1.0" encoding="utf-8" ?>
<result>
	<row>
		<label>/homepage</label>
		<nb_visits>1</nb_visits>
		<nb_uniq_visitors>1</nb_uniq_visitors>
		<nb_hits>1</nb_hits>
		<sum_time_spent>360</sum_time_spent>
		<sum_bandwidth>0</sum_bandwidth>
		<nb_hits_with_bandwidth>0</nb_hits_with_bandwidth>
		<min_bandwidth />
		<max_bandwidth />
		<entry_nb_uniq_visitors>1</entry_nb_uniq_visitors>
		<entry_nb_visits>1</entry_nb_visits>
		<entry_nb_actions>3</entry_nb_actions>
		<entry_sum_visit_length>364</entry_sum_visit_length>
		<entry_bounce_count>0</entry_bounce_count>
		<goals>
			<row idgoal='1'>
				<nb_conversions>1</nb_conversions>
				<revenue>0</revenue>
				<nb_conv_pages_before>3</nb_conv_pages_before>
				<nb_conversions_attrib>0.3333</nb_conversions_attrib>
				<nb_conversions_page_rate>1</nb_conversions_page_rate>
				<nb_conversions_page_uniq>1</nb_conversions_page_uniq>
				<revenue_attrib>0</revenue_attrib>
				<revenue_entry>0</revenue_entry>
				<nb_conversions_entry_rate>1</nb_conversions_entry_rate>
				<revenue_per_entry>0</revenue_per_entry>
				<nb_conversions_entry>1</nb_conversions_entry>
			</row>
			<row idgoal='2'>
				<nb_conversions>1</nb_conversions>
				<revenue>0</revenue>
				<nb_conv_pages_before>1</nb_conv_pages_before>
				<nb_conversions_attrib>1</nb_conversions_attrib>
				<nb_conversions_page_rate>1</nb_conversions_page_rate>
				<nb_conversions_page_uniq>1</nb_conversions_page_uniq>
				<revenue_attrib>0</revenue_attrib>
				<revenue_entry>0</revenue_entry>
				<nb_conversions_entry_rate>1</nb_conversions_entry_rate>
				<revenue_per_entry>0</revenue_per_entry>
				<nb_conversions_entry>1</nb_conversions_entry>
			</row>
		</goals>
		<avg_bandwidth>0</avg_bandwidth>
		<avg_page_load_time>0</avg_page_load_time>
		<avg_time_on_page>360</avg_time_on_page>
		<bounce_rate>0%</bounce_rate>
		<exit_rate>0%</exit_rate>
		<url>http://example.org/homepage</url>
		<segment>pageUrl==http%253A%252F%252Fexample.org%252Fhomepage</segment>
	</row>
	<row>
		<label>user</label>
		<nb_visits>1</nb_visits>
		<nb_hits>2</nb_hits>
		<sum_time_spent>0</sum_time_spent>
		<sum_bandwidth>0</sum_bandwidth>
		<nb_hits_with_bandwidth>0</nb_hits_with_bandwidth>
		<min_bandwidth />
		<max_bandwidth />
		<exit_nb_visits>1</exit_nb_visits>
		<goals>
			<row idgoal='1'>
				<nb_conversions>2</nb_conversions>
				<revenue>0</revenue>
				<nb_conv_pages_before>3</nb_conv_pages_before>
				<nb_conversions_attrib>0.6666</nb_conversions_attrib>
				<nb_conversions_page_rate>1</nb_conversions_page_rate>
				<nb_conversions_page_uniq>2</nb_conversions_page_uniq>
				<revenue_attrib>0</revenue_attrib>
			</row>
		</goals>
		<avg_bandwidth>0</avg_bandwidth>
		<avg_page_load_time>0</avg_page_load_time>
		<avg_time_on_page>0</avg_time_on_page>
		<bounce_rate>0%</bounce_rate>
		<exit_rate>100%</exit_rate>
		<segment>pageUrl=^http%253A%252F%252Fpiwik.net%252Fuser</segment>
		<subtable>
			<row>
				<label>/profile</label>
				<nb_visits>1</nb_visits>
				<nb_uniq_visitors>1</nb_uniq_visitors>
				<nb_hits>2</nb_hits>
				<sum_time_spent>0</sum_time_spent>
				<sum_bandwidth>0</sum_bandwidth>
				<nb_hits_with_bandwidth>0</nb_hits_with_bandwidth>
				<min_bandwidth />
				<max_bandwidth />
				<exit_nb_uniq_visitors>1</exit_nb_uniq_visitors>
				<exit_nb_visits>1</exit_nb_visits>
				<goals>
					<row idgoal='1'>
						<nb_conversions>2</nb_conversions>
						<revenue>0</revenue>
						<nb_conv_pages_before>3</nb_conv_pages_before>
						<nb_conversions_attrib>0.6666</nb_conversions_attrib>
						<nb_conversions_page_rate>0</nb_conversions_page_rate>
						<nb_conversions_page_uniq>2</nb_conversions_page_uniq>
						<revenue_attrib>0</revenue_attrib>
					</row>
				</goals>
				<avg_time_on_page>0</avg_time_on_page>
				<bounce_rate>0%</bounce_rate>
				<exit_rate>100%</exit_rate>
				<url>http://example.org/user/profile</url>
				<segment>pageUrl==http%253A%252F%252Fexample.org%252Fuser%252Fprofile</segment>
			</row>
		</subtable>
	</row>
</result>